// Jest Snapshot v1, https://goo.gl/fbAQLP

exports[`gatsby-remark-podcast-timestamp doesn't affect normal paragraphs or use of link references 1`] = `
Object {
  "children": Array [
    Object {
      "children": Array [
        Object {
          "position": Position {
            "end": Object {
              "column": 6,
              "line": 1,
              "offset": 5,
            },
            "indent": Array [],
            "start": Object {
              "column": 2,
              "line": 1,
              "offset": 1,
            },
          },
          "type": "text",
          "value": "asdf",
        },
      ],
      "identifier": "asdf",
      "label": "asdf",
      "position": Position {
        "end": Object {
          "column": 7,
          "line": 1,
          "offset": 6,
        },
        "indent": Array [],
        "start": Object {
          "column": 1,
          "line": 1,
          "offset": 0,
        },
      },
      "referenceType": "shortcut",
      "type": "linkReference",
    },
  ],
  "position": Position {
    "end": Object {
      "column": 7,
      "line": 1,
      "offset": 6,
    },
    "indent": Array [],
    "start": Object {
      "column": 1,
      "line": 1,
      "offset": 0,
    },
  },
  "type": "paragraph",
}
`;

exports[`gatsby-remark-podcast-timestamp wraps timestamp 1`] = `
Object {
  "children": Array [
    Object {
      "children": Array [
        Object {
          "children": undefined,
          "type": "html",
          "value": "<a href=\\"#t=00:00\\"><span class=\\"timestamp\\">00:00 🕐</span></a>",
        },
        Object {
          "children": Array [
            Object {
              "children": Array [
                Object {
                  "type": "text",
                  "value": "Henry",
                },
              ],
              "type": "strong",
            },
            Object {
              "type": "text",
              "value": ": Hi.",
            },
          ],
          "data": Object {
            "hName": "span",
            "hProperties": Object {
              "className": Array [
                "text",
              ],
            },
          },
          "type": "paragraph",
        },
      ],
      "data": Object {
        "hProperties": Object {
          "className": Array [
            "wrap",
            "right",
          ],
        },
      },
      "type": "paragraph",
    },
  ],
  "type": "root",
}
`;
